$ tsc -b && vite build
[36mvite v8.0.0 [32mbuilding client environment for production...[36m[39m
[2K
transforming...Ô£ô 2275 modules transformed.
rendering chunks...
computing gzip size...
dist/index.html                                                0.45 kB Ôöé gzip:   0.29 kB
dist/assets/inter-vietnamese-wght-normal-CBcvBZtf.woff2       10.25 kB
dist/assets/inter-greek-ext-wght-normal-DlzME5K_.woff2        11.23 kB
dist/assets/inter-cyrillic-wght-normal-DqGufNeO.woff2         18.74 kB
dist/assets/inter-greek-wght-normal-CkhJZR-_.woff2            18.99 kB
dist/assets/inter-cyrillic-ext-wght-normal-BOeWTOD4.woff2     25.96 kB
dist/assets/inter-latin-wght-normal-Dx4kXJAl.woff2            48.25 kB
dist/assets/inter-latin-ext-wght-normal-DO1Apj_S.woff2        85.06 kB
dist/assets/index-Dd3yju4q.css                               138.78 kB Ôöé gzip:  20.47 kB
dist/assets/index-opGFOqw1.js                              1,401.01 kB Ôöé gzip: 268.87 kB

[32mÔ£ô built in 2.03s[39m
[plugin builtin:vite-reporter] 
(!) Some chunks are larger than 500 kB after minification. Consider:
- Using dynamic import() to code-split the application
- Use build.rolldownOptions.output.codeSplitting to improve chunking: https://rolldown.rs/reference/OutputOptions.codeSplitting
- Adjust chunk size limit for this warning via build.chunkSizeWarningLimit.
