$ vitest run src/components/Badge/Badge.test.tsx --reporter verbose

[1m[46m RUN [49m[22m [36mv4.1.0 [39m[90mD:/Projects/open/dashkit[39m

[90mstdout[2m | src/components/Badge/Badge.test.tsx[2m > [22m[2mBadge[2m > [22m[2mrenders a dot instead of content when dot prop is true
[22m[39m[36m<body>[39m
  [36m<div>[39m
    [36m<span[39m
      [33mclass[39m=[32m"relative inline-flex items-center justify-center font-bold select-none whitespace-nowrap w-2.5 h-2.5 rounded-full bg-black text-white dark:bg-white dark:text-black hover:opacity-90"[39m
    [36m>[39m
      [36m<span[39m
        [33mclass[39m=[32m"relative z-20"[39m
      [36m/>[39m
    [36m</span>[39m
  [36m</div>[39m
[36m</body>[39m

 [32mÔ£ô[39m src/components/Badge/Badge.test.tsx[2m > [22mBadge[2m > [22mrenders content correctly[32m 22[2mms[22m[39m
 [32mÔ£ô[39m src/components/Badge/Badge.test.tsx[2m > [22mBadge[2m > [22mrenders numeric content correctly[32m 2[2mms[22m[39m
 [32mÔ£ô[39m src/components/Badge/Badge.test.tsx[2m > [22mBadge[2m > [22mlimits numeric content with max prop[32m 2[2mms[22m[39m
 [31m├ù[39m src/components/Badge/Badge.test.tsx[2m > [22mBadge[2m > [22mrenders a dot instead of content when dot prop is true[32m 13[2mms[22m[39m
[31m   ÔåÆ Found multiple elements with the role "generic"

Here are the matching elements:

Ignored nodes: comments, script, style
[36m<div>[31m
  [36m<span[31m
    [33mclass[31m=[32m"relative inline-flex items-center justify-center font-bold select-none whitespace-nowrap w-2.5 h-2.5 rounded-full bg-black text-white dark:bg-white dark:text-black hover:opacity-90"[31m
  [36m>[31m
    [36m<span[31m
      [33mclass[31m=[32m"relative z-20"[31m
    [36m/>[31m
  [36m</span>[31m
[36m</div>[31m

Ignored nodes: comments, script, style
[36m<span[31m
  [33mclass[31m=[32m"relative inline-flex items-center justify-center font-bold select-none whitespace-nowrap w-2.5 h-2.5 rounded-full bg-black text-white dark:bg-white dark:text-black hover:opacity-90"[31m
[36m>[31m
  [36m<span[31m
    [33mclass[31m=[32m"relative z-20"[31m
  [36m/>[31m
[36m</span>[31m

Ignored nodes: comments, script, style
[36m<span[31m
  [33mclass[31m=[32m"relative z-20"[31m
[36m/>[31m

(If this is intentional, then use the `*AllBy*` variant of the query (like `queryAllByText`, `getAllByText`, or `findAllByText`)).

Ignored nodes: comments, script, style
[36m<body>[31m
  [36m<div>[31m
    [36m<span[31m
      [33mclass[31m=[32m"relative inline-flex items-center justify-center font-bold select-none whitespace-nowrap w-2.5 h-2.5 rounded-full bg-black text-white dark:bg-white dark:text-black hover:opacity-90"[31m
    [36m>[31m
      [36m<span[31m
        [33mclass[31m=[32m"relative z-20"[31m
      [36m/>[31m
    [36m</span>[31m
  [36m</div>[31m
[36m</body>[31m[39m
 [32mÔ£ô[39m src/components/Badge/Badge.test.tsx[2m > [22mBadge[2m > [22mshows pulse animation when pulse prop is true[32m 5[2mms[22m[39m
 [32mÔ£ô[39m src/components/Badge/Badge.test.tsx[2m > [22mBadge[2m > [22mapplies color styles correctly[32m 3[2mms[22m[39m
 [32mÔ£ô[39m src/components/Badge/Badge.test.tsx[2m > [22mBadge[2m > [22mapplies variant styles correctly[32m 2[2mms[22m[39m
 [32mÔ£ô[39m src/components/Badge/Badge.test.tsx[2m > [22mBadge[2m > [22mhides the badge when show prop is false[32m 1[2mms[22m[39m
 [32mÔ£ô[39m src/components/Badge/Badge.test.tsx[2m > [22mFloatBadge[2m > [22mrenders children and the badge[32m 70[2mms[22m[39m
 [32mÔ£ô[39m src/components/Badge/Badge.test.tsx[2m > [22mFloatBadge[2m > [22mapplies correct position classes[32m 2[2mms[22m[39m
 [32mÔ£ô[39m src/components/Badge/Badge.test.tsx[2m > [22mFloatBadge[2m > [22mapplies custom offset via style[32m 2[2mms[22m[39m

ÔÄ»ÔÄ»ÔÄ»ÔÄ»ÔÄ»ÔÄ»ÔÄ» Failed Tests 1 ÔÄ»ÔÄ»ÔÄ»ÔÄ»ÔÄ»ÔÄ»ÔÄ»

 FAIL  src/components/Badge/Badge.test.tsx > Badge > renders a dot instead of content when dot prop is true
TestingLibraryElementError: Found multiple elements with the role "generic"

Here are the matching elements:

Ignored nodes: comments, script, style
<div>
  <span
    class="relative inline-flex items-center justify-center font-bold select-none whitespace-nowrap w-2.5 h-2.5 rounded-full bg-black text-white dark:bg-white dark:text-black hover:opacity-90"
  >
    <span
      class="relative z-20"
    />
  </span>
</div>

Ignored nodes: comments, script, style
<span
  class="relative inline-flex items-center justify-center font-bold select-none whitespace-nowrap w-2.5 h-2.5 rounded-full bg-black text-white dark:bg-white dark:text-black hover:opacity-90"
>
  <span
    class="relative z-20"
  />
</span>

Ignored nodes: comments, script, style
<span
  class="relative z-20"
/>

(If this is intentional, then use the `*AllBy*` variant of the query (like `queryAllByText`, `getAllByText`, or `findAllByText`)).

Ignored nodes: comments, script, style
<body>
  <div>
    <span
      class="relative inline-flex items-center justify-center font-bold select-none whitespace-nowrap w-2.5 h-2.5 rounded-full bg-black text-white dark:bg-white dark:text-black hover:opacity-90"
    >
      <span
        class="relative z-20"
      />
    </span>
  </div>
</body>
 ÔØ» Object.getElementError node_modules/@testing-library/dom/dist/config.js:37:19
 ÔØ» getElementError node_modules/@testing-library/dom/dist/query-helpers.js:20:35
 ÔØ» getMultipleElementsFoundError node_modules/@testing-library/dom/dist/query-helpers.js:23:10
 ÔØ» node_modules/@testing-library/dom/dist/query-helpers.js:55:13
 ÔØ» node_modules/@testing-library/dom/dist/query-helpers.js:95:19
 ÔØ» src/components/Badge/Badge.test.tsx:25:26

     23|     expect(screen.queryByText('99')).not.toBeInTheDocument();
     24|     // Dot badges have specific dimensions
     25|     const badge = screen.getByRole('generic', { hidden: true }); // moÔÇª
       |                          ^
     26|     expect(badge).toHaveClass('w-2.5', 'h-2.5', 'rounded-full');
     27|   });

ÔÄ»ÔÄ»ÔÄ»ÔÄ»ÔÄ»ÔÄ»ÔÄ»ÔÄ»ÔÄ»ÔÄ»ÔÄ»ÔÄ»ÔÄ»ÔÄ»ÔÄ»ÔÄ»ÔÄ»ÔÄ»ÔÄ»ÔÄ»ÔÄ»ÔÄ»ÔÄ»ÔÄ»[1/1]ÔÄ»

[2m Test Files [22m [1m[31m1 failed[39m[22m[90m (1)[39m
[2m      Tests [22m [1m[31m1 failed[39m[22m[2m | [22m[1m[32m10 passed[39m[22m[90m (11)[39m
[2m   Start at [22m 15:54:49
[2m   Duration [22m 1.66s[2m (transform 39ms, setup 83ms, import 359ms, tests 126ms, environment 945ms)[22m

error: script "test" exited with code 1
